// Jest Snapshot v1, https://goo.gl/fbAQLP

exports[`loading Loading 1`] = `
<div>
  <div
    class="spinner-grow text-primary"
  />
</div>
`;
